
> frontend@0.0.0 test
> vitest --run


[1m[46m RUN [49m[22m [36mv4.1.0 [39m[90mC:/Users/Visitante/Desktop/Projectos de Github/Portf-lio/frontend[39m

 [31mÔØ»[39m src/tests/App.test.tsx [2m([22m[2m1 test[22m[2m | [22m[31m1 failed[39m[2m)[22m[32m 57[2mms[22m[39m
[31m     [31m├ù[31m renders without crashing and displays the Navbar[39m[32m 54[2mms[22m[39m

[2m Test Files [22m [1m[31m1 failed[39m[22m[90m (1)[39m
[2m      Tests [22m [1m[31m1 failed[39m[22m[90m (1)[39m
[2m   Start at [22m 23:56:42
[2m   Duration [22m 2.29s[2m (transform 214ms, setup 133ms, import 330ms, tests 57ms, environment 1.17s)[22m

